=== Same strategy (09:00 IST, user params), 'path' model, at decreasing bar sizes ===
  bars      n     WR%      PF     expR
    4h      0    0.00     nan   +0.000
    1h    533   50.47    1.88   +0.514
   30m    536   48.32    1.82   +0.450
   15m    536   46.83    1.68   +0.405
  -> 'path' WR falls as bars get finer: it is an UPPER bound, and the
     real (tick) value is below the 15m number.

=== same, 'pessimistic' model ===
  bars      n     WR%      PF     expR
    4h      0    0.00     nan   +0.000
    1h    535    5.42    0.16   -0.837
   30m    538    9.67    0.33   -0.710
   15m    536   14.74    0.47   -0.558
  -> 'pessimistic' WR rises as bars get finer: a LOWER bound.

=== the two bounds must converge at tick resolution; MC is calibrated to sit between them ===
 mc_steps     WR%      PF     expR
       20   42.33    1.43   +0.264
       40   39.80    1.28   +0.188
       60   37.32    1.17   +0.113
      120   34.34    1.02   +0.027
      240   31.44    0.90   -0.058
      480   26.62    0.72   -0.202

=== realised path length hidden by aggregation (2025+) ===
  mean 15m range            : $7.99
  mean 1h  range            : $15.93
  sum of 4x15m ranges per 1h: $31.98
  -> going 4x finer reveals 2.01x more travel.
     Extrapolating 15m -> tick (~2 more 4x steps) implies the true
     stop-out count is far closer to the pessimistic bound than to 'path'.
