stage A combos: 108

### v2 STAGE A - grid/buffer/stop/rr at 09:00 IST (top 20 by expectancy)
 step  buf   sl  risk  rr  trades  win_rate    pf  exp_r     t      net     dd  pos_frac
100.0 2.00  8.0 10.00 3.0 186.167    31.245 1.264  0.215 2.081 2240.469 20.561       1.0
 25.0 3.15 15.0 18.15 3.0 250.667    30.055 1.222  0.184 2.068 2628.336 11.427       1.0
100.0 2.00 15.0 17.00 2.0 180.000    39.723 1.265  0.174 1.653 1705.642 23.791       1.0
100.0 6.00 15.0 21.00 1.5 159.833    47.244 1.309  0.167 1.496 1447.265 15.181       1.0
100.0 6.00  4.0 10.00 2.0 167.833    39.626 1.245  0.159 1.459 1443.292 12.494       1.0
100.0 3.15  4.0  7.15 3.0 183.167    29.940 1.187  0.155 1.483 1474.667 16.712       1.0
 25.0 2.00 15.0 17.00 3.0 269.000    28.933 1.168  0.139 1.612 1949.072 12.900       1.0
 50.0 6.00 15.0 21.00 3.0 206.500    28.814 1.170  0.138 1.404 1429.664 13.423       1.0
100.0 3.15 15.0 18.15 1.5 178.000    46.161 1.232  0.137 1.298 1295.376 19.298       1.0
 25.0 6.00 15.0 21.00 3.0 230.333    28.800 1.158  0.136 1.467 1602.955 12.112       1.0
100.0 6.00  8.0 14.00 1.5 168.167    46.284 1.235  0.135 1.245 1198.427 12.443       1.0
100.0 2.00 15.0 17.00 1.5 186.833    45.767 1.214  0.126 1.224 1240.654 19.539       1.0
100.0 3.15 15.0 18.15 2.0 171.667    38.057 1.180  0.125 1.157 1083.239 21.775       1.0
100.0 6.00 15.0 21.00 3.0 145.667    28.492 1.147  0.124 1.061  854.259 18.000       1.0
100.0 3.15  8.0 11.15 2.0 183.833    38.171 1.169  0.118 1.135 1092.558 15.166       1.0
100.0 3.15  4.0  7.15 2.0 184.667    38.451 1.155  0.111 1.074 1036.380 14.409       1.0
100.0 2.00  4.0  6.00 3.0 190.333    28.987 1.118  0.106 1.034  954.909 19.610       1.0
100.0 6.00 15.0 21.00 1.0 167.333    55.881 1.222  0.103 0.948  897.472 12.320       1.0
 50.0 3.15 15.0 18.15 1.5 258.833    44.753 1.164  0.103 1.174 1407.407 13.471       1.0
 25.0 6.00  8.0 14.00 3.0 281.833    28.091 1.106  0.101 1.203 1375.138 15.475       1.0

### same, ranked by t-stat (edge per unit of noise)
 step  buf   sl  risk  rr  trades  win_rate    pf  exp_r     t      net     dd  pos_frac
100.0 2.00  8.0 10.00 3.0 186.167    31.245 1.264  0.215 2.081 2240.469 20.561       1.0
 25.0 3.15 15.0 18.15 3.0 250.667    30.055 1.222  0.184 2.068 2628.336 11.427       1.0
100.0 2.00 15.0 17.00 2.0 180.000    39.723 1.265  0.174 1.653 1705.642 23.791       1.0
 25.0 2.00 15.0 17.00 3.0 269.000    28.933 1.168  0.139 1.612 1949.072 12.900       1.0
100.0 6.00 15.0 21.00 1.5 159.833    47.244 1.309  0.167 1.496 1447.265 15.181       1.0
100.0 3.15  4.0  7.15 3.0 183.167    29.940 1.187  0.155 1.483 1474.667 16.712       1.0
 25.0 6.00 15.0 21.00 3.0 230.333    28.800 1.158  0.136 1.467 1602.955 12.112       1.0
100.0 6.00  4.0 10.00 2.0 167.833    39.626 1.245  0.159 1.459 1443.292 12.494       1.0
 50.0 6.00 15.0 21.00 3.0 206.500    28.814 1.170  0.138 1.404 1429.664 13.423       1.0
100.0 3.15 15.0 18.15 1.5 178.000    46.161 1.232  0.137 1.298 1295.376 19.298       1.0
100.0 6.00  8.0 14.00 1.5 168.167    46.284 1.235  0.135 1.245 1198.427 12.443       1.0
100.0 2.00 15.0 17.00 1.5 186.833    45.767 1.214  0.126 1.224 1240.654 19.539       1.0
 25.0 6.00  8.0 14.00 3.0 281.833    28.091 1.106  0.101 1.203 1375.138 15.475       1.0
 50.0 3.15 15.0 18.15 1.5 258.833    44.753 1.164  0.103 1.174 1407.407 13.471       1.0
100.0 3.15 15.0 18.15 2.0 171.667    38.057 1.180  0.125 1.157 1083.239 21.775       1.0

### v2 STAGE B - clock sweep for {'round_step': 100.0, 'entry_buffer': 2.0, 'sl_from_round': 8.0, 'rr': 3.0}
  key  trades  win_rate    pf  exp_r     t      net     dd  pos_frac
06:00 167.167    33.797 1.406  0.322 2.950 3328.025 12.920       1.0
06:30 159.667    33.091 1.364  0.293 2.623 2768.537 11.889       1.0
14:00 180.833    33.088 1.370  0.290 2.762 3200.786 10.161       1.0
05:30 164.167    32.284 1.301  0.261 2.370 2467.023 13.074       1.0
02:00 161.667    32.266 1.343  0.260 2.346 2457.350 10.861       1.0
08:00 177.500    32.113 1.326  0.254 2.397 2616.858 18.015       1.0
04:00 103.000    32.040 1.333  0.251 1.810 1367.137 12.976       1.0
07:30 176.333    32.048 1.287  0.250 2.358 2560.631 16.307       1.0
07:00 168.333    31.980 1.292  0.249 2.293 2393.286 12.758       1.0
15:00 179.000    32.113 1.291  0.241 2.285 2486.872 10.482       1.0
03:30  98.500    31.637 1.303  0.234 1.650 1198.314 11.323       1.0
01:30 161.000    31.684 1.296  0.234 2.108 2110.283 12.749       1.0
23:30 156.833    31.241 1.260  0.220 1.956 1879.679 15.925       1.0
15:30 182.833    31.186 1.287  0.217 2.085 2234.968 10.185       1.0
09:00 186.167    31.245 1.264  0.215 2.081 2240.469 20.561       1.0

  48 times tested; best t = 2.95; noise would give 2.08. Mean expectancy across all times = +0.1675R
