### 2025-01-01 -> 2026-06-09   (expectancy R at 3 resolutions)
                                              NEW40  NEW120  NEW320  NEW_pf  NEW_wr  NEW_dd  NEW_n
name                                                                                              
F2 fixed $100 buf2 sl8  rr3.0 @06             0.402   0.322   0.221   1.257  31.280  15.143  168.8
F3 fixed $100 buf2 sl15 rr2.0 @09             0.184   0.169   0.130   1.188  38.272  25.259  182.4
F1 fixed $100 buf2 sl8  rr3.0 @09             0.239   0.227   0.129   1.149  28.977  26.455  188.4
A4 ATR  $100 x3.0 rr2.0 @09                   0.127   0.123   0.109   1.154  37.346  18.197  162.8
F4 fixed $100 buf6 sl15 rr1.5 @09             0.181   0.159   0.097   1.160  44.434  18.130  161.6
A8 ATR  $100 x2.0 rr2.0 @06                   0.167   0.134   0.091   1.127  37.121  17.167  162.2
A5 ATR  $100 x2.0 rr3.0 @09                   0.114   0.149   0.087   1.096  27.674  18.644  172.8
A3 ATR  $100 x2.0 rr2.0 @09                   0.126   0.130   0.074   1.098  36.482  21.864  182.6
A7 ATR  $50  x2.0 rr2.0 @09                   0.073   0.062   0.041   1.046  35.508  14.146  267.0
A6 ATR  $100 x2.0 rr1.5 @09                   0.039  -0.000  -0.036   0.930  39.362  22.625  186.0
A9 ATR  $100 x1.5 rr3.0 @09                   0.017   0.015  -0.064   0.904  24.077  29.242  182.8
A2 ATR  $100 x1.5 rr2.0 @09                   0.011  -0.054  -0.125   0.814  30.086  29.780  184.8
F0 user-equivalent: $100 buf3.15 sl2 rr2 @09  0.157  -0.007  -0.133   0.805  31.051  31.600  186.8
A1 ATR  $100 x1.0 rr2.0 @09                   0.060  -0.077  -0.154   0.780  29.581  31.376  186.0

### 2016-2024 OUT-OF-SAMPLE
                                              OLD40  OLD120  OLD320  OLD_pf  OLD_wr  OLD_dd  OLD_n
name                                                                                              
F3 fixed $100 buf2 sl15 rr2.0 @09             0.086   0.068   0.086   1.119  36.822  13.880  185.8
F1 fixed $100 buf2 sl8  rr3.0 @09             0.125   0.096   0.025   1.013  26.383  27.871  250.2
F4 fixed $100 buf6 sl15 rr1.5 @09             0.041   0.017   0.009   1.002  40.959  13.810  150.4
F2 fixed $100 buf2 sl8  rr3.0 @06             0.044   0.010  -0.010   0.967  25.551  29.991  209.0
A4 ATR  $100 x3.0 rr2.0 @09                  -0.052  -0.078  -0.143   0.791  30.735  39.217  300.0
F0 user-equivalent: $100 buf3.15 sl2 rr2 @09 -0.021  -0.080  -0.169   0.769  29.623  44.844  301.8
A6 ATR  $100 x2.0 rr1.5 @09                  -0.110  -0.203  -0.203   0.700  35.706  48.745  316.6
A5 ATR  $100 x2.0 rr3.0 @09                  -0.059  -0.173  -0.215   0.718  22.001  53.387  312.8
A8 ATR  $100 x2.0 rr2.0 @06                  -0.112  -0.196  -0.225   0.687  28.963  49.800  250.0
A7 ATR  $50  x2.0 rr2.0 @09                  -0.127  -0.238  -0.274   0.642  27.276  80.928  591.0
A3 ATR  $100 x2.0 rr2.0 @09                  -0.140  -0.216  -0.279   0.639  27.230  60.474  315.8
A2 ATR  $100 x1.5 rr2.0 @09                  -0.166  -0.302  -0.333   0.561  26.477  66.847  316.4
A9 ATR  $100 x1.5 rr3.0 @09                  -0.193  -0.273  -0.373   0.556  18.844  71.235  315.2
A1 ATR  $100 x1.0 rr2.0 @09                  -0.261  -0.412  -0.510   0.423  22.682  80.817  318.2

### VERDICT — worst case across 3 resolutions x 2 eras
                                              NEW320  OLD320  WORST  NEW_pf  OLD_pf  NEW_wr  NEW_dd  NEW_n  OLD_n
name                                                                                                             
F3 fixed $100 buf2 sl15 rr2.0 @09              0.130   0.086  0.068   1.188   1.119  38.272  25.259  182.4  185.8
F1 fixed $100 buf2 sl8  rr3.0 @09              0.129   0.025  0.025   1.149   1.013  28.977  26.455  188.4  250.2
F4 fixed $100 buf6 sl15 rr1.5 @09              0.097   0.009  0.009   1.160   1.002  44.434  18.130  161.6  150.4
F2 fixed $100 buf2 sl8  rr3.0 @06              0.221  -0.010 -0.010   1.257   0.967  31.280  15.143  168.8  209.0
A4 ATR  $100 x3.0 rr2.0 @09                    0.109  -0.143 -0.143   1.154   0.791  37.346  18.197  162.8  300.0
F0 user-equivalent: $100 buf3.15 sl2 rr2 @09  -0.133  -0.169 -0.169   0.805   0.769  31.051  31.600  186.8  301.8
A6 ATR  $100 x2.0 rr1.5 @09                   -0.036  -0.203 -0.203   0.930   0.700  39.362  22.625  186.0  316.6
A5 ATR  $100 x2.0 rr3.0 @09                    0.087  -0.215 -0.215   1.096   0.718  27.674  18.644  172.8  312.8
A8 ATR  $100 x2.0 rr2.0 @06                    0.091  -0.225 -0.225   1.127   0.687  37.121  17.167  162.2  250.0
A7 ATR  $50  x2.0 rr2.0 @09                    0.041  -0.274 -0.274   1.046   0.642  35.508  14.146  267.0  591.0
A3 ATR  $100 x2.0 rr2.0 @09                    0.074  -0.279 -0.279   1.098   0.639  36.482  21.864  182.6  315.8
A2 ATR  $100 x1.5 rr2.0 @09                   -0.125  -0.333 -0.333   0.814   0.561  30.086  29.780  184.8  316.4
A9 ATR  $100 x1.5 rr3.0 @09                   -0.064  -0.373 -0.373   0.904   0.556  24.077  29.242  182.8  315.2
A1 ATR  $100 x1.0 rr2.0 @09                   -0.154  -0.510 -0.510   0.780   0.423  29.581  31.376  186.0  318.2

3 of 14 configurations are positive everywhere.
