### ATR stop WITH a minimum-risk floor — top 15 by worst case
                        NEW40  NEW320  NEW_pf   NEW_n  OLD40  OLD320  OLD_pf   OLD_n  WORST
alen amult minrisk rr                                                                      
96   4.0   17.0    1.5  0.155   0.120   1.202  158.25  0.133   0.133   1.234  199.25  0.120
     3.0   17.0    2.0  0.257   0.175   1.270  166.25  0.098   0.120   1.177  184.50  0.098
14   3.0   17.0    1.5  0.171   0.122   1.213  177.00  0.123   0.094   1.158  209.00  0.094
     4.0   17.0    1.5  0.110   0.087   1.144  157.25  0.134   0.092   1.152  202.25  0.087
     2.0   17.0    2.0  0.175   0.109   1.150  177.50  0.089   0.078   1.106  185.25  0.078
96   4.0   17.0    2.0  0.183   0.158   1.245  132.00  0.105   0.073   1.097  178.75  0.073
14   4.0   17.0    2.0  0.213   0.134   1.197  136.00  0.120   0.068   1.091  180.25  0.068
     2.0   17.0    1.5  0.110   0.038   1.049  186.50  0.128   0.119   1.205  208.75  0.038
96   3.0   17.0    1.5  0.104   0.035   1.047  178.50  0.141   0.096   1.161  207.50  0.035
     2.0   17.0    2.0  0.098   0.031   1.030  177.25  0.089   0.074   1.100  184.50  0.031
     4.0   0.0     2.0  0.193   0.191   1.304  133.25  0.067   0.019   1.013  288.00  0.019
14   3.0   17.0    2.0  0.171   0.085   1.118  163.50  0.102   0.013   1.005  186.75  0.013
96   2.0   17.0    1.5  0.099   0.012   1.008  187.50  0.135   0.119   1.205  208.75  0.012
     4.0   0.0     1.5  0.154   0.134   1.232  156.75  0.064   0.003   0.993  294.75  0.003
14   4.0   0.0     2.0  0.227   0.167   1.253  139.75  0.075  -0.007   0.977  297.25 -0.007

14 of 36 survive both eras at both resolutions.

(reference: fixed $100/buf2/sl15/rr2 @09 scored WORST = +0.068)
