RECOMMENDED CONFIG: {'round_step': 100.0, 'entry_buffer': 2.0, 'sl_mode': 'atr', 'atr_len': 96, 'atr_mult': 4.0, 'min_risk': 17.0, 'rr': 1.5, 'setup_hour': 9, 'setup_minute': 0, 'valid_bars': 48, 'max_slip': 1.0}

=== 2025-01-01 -> 2026-06-09 === (mc_steps=320, $0.30 cost, 8 seeds)
  trades 158 | WR 45.45% | PF 1.214 (1.15-1.27) | E +0.126R (sd 0.018)
  net $1,030 (+20.6%) | maxDD 8.2% | seeds+ 8/8 | worst streak 6
          n  expR     net win_yr
yr                              
2025  88.00  0.12  538.06      +
2026  69.88  0.13  491.70      +
  by side: {'long': 0.213, 'short': 0.032}
  avg risk $: 49.52 | avg bars held: 53.1

=== 2016-2024 OUT-OF-SAMPLE === (mc_steps=320, $0.30 cost, 8 seeds)
  trades 201 | WR 45.03% | PF 1.185 (1.10-1.27) | E +0.108R (sd 0.032)
  net $1,123 (+22.5%) | maxDD 15.0% | seeds+ 8/8 | worst streak 10
          n  expR     net win_yr
yr                              
2016   9.50  0.30  139.71      +
2017   9.00 -0.25 -117.95      -
2018   6.12  0.21   61.33      +
2019  17.25 -0.17 -149.47      -
2020  39.12  0.30  589.39      +
2021  31.12 -0.18 -319.99      -
2022  29.50  0.08  114.05      +
2023  24.25  0.14  176.09      +
2024  35.12  0.32  629.37      +

=== FULL 2016-2026 === (mc_steps=320, $0.30 cost, 8 seeds)
  trades 358 | WR 45.29% | PF 1.204 (1.13-1.25) | E +0.118R (sd 0.022)
  net $2,434 (+48.7%) | maxDD 15.0% | seeds+ 8/8 | worst streak 10
          n  expR     net win_yr
yr                              
2016   9.50  0.30  139.71      +
2017   9.00 -0.25 -117.95      -
2018   6.12  0.21   61.33      +
2019  17.25 -0.17 -149.47      -
2020  39.12  0.30  589.39      +
2021  31.12 -0.18 -319.99      -
2022  29.50  0.08  114.05      +
2023  24.25  0.14  176.09      +
2024  35.12  0.32  629.37      +
2025  88.12  0.13  674.70      +
2026  69.12  0.14  637.09      +
